[2026-04-08 23:46:42][Debug]: test debug
[2026-04-08 23:46:42][Info]: test info
[2026-04-08 23:46:42][Warn]: test warning
[2026-04-08 23:46:42][Error]: test error
[2026-04-08 23:51:12][Debug]: test debug
[2026-04-08 23:51:12][Info]: test info
[2026-04-08 23:51:12][Warn]: test warning
[2026-04-08 23:51:12][Error]: test error
